
> dashboard@1.0.4 build
> next build

Ôû▓ Next.js 16.1.5 (Turbopack)
- Environments: .env

node.exe : ÔÜá The 
"middleware" file 
convention is 
deprecated. Please 
use "proxy" 
instead. Learn 
more: https://nextj
s.org/docs/messages
/middleware-to-prox
y
En línea: 1 
Carácter: 1
+ & "C:\Program Fil
es\nodejs/node.exe"
 "C:\Program Files\
nodejs/node_mo ...
+ ~~~~~~~~~~~~~~~~~
~~~~~~~~~~~~~~~~~~~
~~~~~~~~~~~~~~~~~~~
~~~~~~~~~~~~~~
    + CategoryInfo 
             : No  
  tSpecified: (Ô   
 Üá The "middle    
...leware-to-p    
roxy:String) [    
], RemoteExcep    
tion
    + FullyQualifi 
   edErrorId : Na  
  tiveCommandErr   
 or
 
  Creating an optimized production build ...
Ô£ô Compiled successfully in 20.9s
  Running TypeScript ...
  Collecting page data using 19 workers ...
  Generating static pages using 19 workers (0/55) ...
  Generating static pages using 19 workers (13/55) 
  Generating static pages using 19 workers (27/55) 
  Generating static pages using 19 workers (41/55) 
Ô£ô Generating static pages using 19 workers (55/55) in 2.7s
  Finalizing page optimization ...

Route (app)
Ôöî Ôùï /
Ôö£ Ôùï /_not-found
Ôö£ ãÆ /api/admin/settings/editorial
Ôö£ ãÆ /api/agreements
Ôö£ ãÆ /api/agreements/[id]
Ôö£ ãÆ /api/auth/login
Ôö£ ãÆ /api/auth/logout
Ôö£ ãÆ /api/auth/me
Ôö£ ãÆ /api/books
Ôö£ ãÆ /api/books/[id]
Ôö£ ãÆ /api/books/collections
Ôö£ ãÆ /api/collections
Ôö£ ãÆ /api/collections/[id]
Ôö£ ãÆ /api/costcenters
Ôö£ ãÆ /api/costcenters/stats
Ôö£ ãÆ /api/creators
Ôö£ ãÆ /api/creators/[id]
Ôö£ ãÆ /api/debts
Ôö£ ãÆ /api/debts/[id]
Ôö£ ãÆ /api/external-entities
Ôö£ ãÆ /api/finance/categories
Ôö£ ãÆ /api/finance/categories/[id]
Ôö£ ãÆ /api/finance/movements
Ôö£ ãÆ /api/finance/movements/[id]
Ôö£ ãÆ /api/finance/summary
Ôö£ ãÆ /api/inventory
Ôö£ ãÆ /api/inventory/adjust
Ôö£ ãÆ /api/inventory/matrix
Ôö£ ãÆ /api/inventory/movements
Ôö£ ãÆ /api/inventory/movements/[id]
Ôö£ ãÆ /api/inventory/stats
Ôö£ ãÆ /api/inventory/warehouse/[id]
Ôö£ ãÆ /api/invoices
Ôö£ ãÆ /api/invoices/[id]
Ôö£ ãÆ /api/invoices/mail-list
Ôö£ ãÆ /api/invoices/upload-xml
Ôö£ ãÆ /api/permissions
Ôö£ ãÆ /api/permissions/modules
Ôö£ ãÆ /api/permissions/user/[id]
Ôö£ ãÆ /api/points-of-sale
Ôö£ ãÆ /api/points-of-sale/[id]
Ôö£ ãÆ /api/upload/contract
Ôö£ ãÆ /api/upload/cover
Ôö£ ãÆ /api/upload/invoice
Ôö£ ãÆ /api/users
Ôö£ ãÆ /api/users/[id]
Ôö£ ãÆ /api/users/change-password
Ôö£ ãÆ /api/warehouses
Ôö£ ãÆ /api/warehouses/[id]
Ôö£ ãÆ /api/warehouses/[id]/associate-pos
Ôö£ Ôùï /categories
Ôö£ Ôùï /dashboard
Ôö£ Ôùï /dashboard/agreements
Ôö£ ãÆ /dashboard/agreements/[id]
Ôö£ Ôùï /dashboard/catalog
Ôö£ ãÆ /dashboard/catalog/[id]
Ôö£ Ôùï /dashboard/categories
Ôö£ ãÆ /dashboard/categories/[id]
Ôö£ Ôùï /dashboard/collections
Ôö£ Ôùï /dashboard/cost-centers
Ôö£ ãÆ /dashboard/cost-centers/[id]
Ôö£ Ôùï /dashboard/creators
Ôö£ ãÆ /dashboard/creators/[id]
Ôö£ Ôùï /dashboard/debts
Ôö£ ãÆ /dashboard/debts/[id]
Ôö£ ãÆ /dashboard/debts/entity/[id]
Ôö£ Ôùï /dashboard/financial-health
Ôö£ Ôùï /dashboard/inventory
Ôö£ ãÆ /dashboard/inventory/[id]
Ôö£ Ôùï /dashboard/invoices
Ôö£ ãÆ /dashboard/invoices/[id]
Ôö£ ãÆ /dashboard/invoices/[id]/editar
Ôö£ Ôùï /dashboard/invoices/crear
Ôö£ Ôùï /dashboard/invoices/upload-xml
Ôö£ Ôùï /dashboard/movements
Ôö£ ãÆ /dashboard/movements/[id]
Ôö£ ãÆ /dashboard/movements/[id]/editar
Ôö£ Ôùï /dashboard/movements/crear
Ôö£ Ôùï /dashboard/permissions
Ôö£ ãÆ /dashboard/points-of-sale
Ôö£ ãÆ /dashboard/points-of-sale/[id]
Ôö£ Ôùï /dashboard/profile
Ôö£ Ôùï /dashboard/users
Ôö£ Ôùï /dashboard/warehouses
Ôö£ ãÆ /dashboard/warehouses/[id]
Ôö£ Ôùï /dashboard/warehouses/new
Ôö£ Ôùï /help
Ôö£ Ôùï /movements
Ôöö Ôùï /settings


ãÆ Proxy (Middleware)

Ôùï  (Static)   prerendered as static content
ãÆ  (Dynamic)  server-rendered on demand

