src/app/api/finance/summary/route.ts(487,11): error TS7034: Variable 'formattedDailyData' implicitly has type 'any[]' in some locations where its type cannot be determined.
src/app/api/finance/summary/route.ts(542,16): error TS7005: Variable 'formattedDailyData' implicitly has an 'any[]' type.
src/app/dashboard/financial-health/page.tsx(187,13): error TS2322: Type '"destructive" | "info"' is not assignable to type '"default" | "success" | "info" | "flow" | "ebb" | "balance" | "danger" | undefined'.
  Type '"destructive"' is not assignable to type '"default" | "success" | "info" | "flow" | "ebb" | "balance" | "danger" | undefined'.
src/app/dashboard/financial-health/page.tsx(268,13): error TS2322: Type '"destructive" | "info"' is not assignable to type '"default" | "success" | "info" | "flow" | "ebb" | "balance" | "danger" | undefined'.
  Type '"destructive"' is not assignable to type '"default" | "success" | "info" | "flow" | "ebb" | "balance" | "danger" | undefined'.
